"133353749860945","Test extractor page","Information technology company","[{""id"":""1130035050388269"",""name"":""Information technology company""}]","[""ADVERTISE"",""ANALYZE"",""CREATE_CONTENT"",""MESSAGING"",""MODERATE"",""MANAGE""]"
