"133353749860945_122093300126070033","133353749860945","page_feed","133353749860945","First post","2023-09-28T07:48:21+0000"
